// Jest Snapshot v1, https://goo.gl/fbAQLP

exports[`hooks toMachSnapshot() should match snapshot 1`] = `
Object {
  "foo": "bar",
}
`;
