// Jest Snapshot v1, https://goo.gl/fbAQLP

exports[`hooks with expect@26 toMachSnapshot() should match snapshot 1`] = `
Object {
  "foo": "bar",
}
`;
