// Jest Snapshot v1, https://jestjs.io/docs/snapshot-testing

exports[`updating test should be deleted 1`] = `
{
  "foo": "bar",
}
`;

exports[`updating test should be updated 1`] = `
{
  "bar": "old value",
}
`;

exports[`updating test should match one snapshot 1`] = `
{
  "foo": "bar",
}
`;
