// Jest Snapshot v1, https://goo.gl/fbAQLP

exports[`updating test should be created 1`] = `
{
  "bar": "foo",
}
`;

exports[`updating test should be updated 1`] = `
{
  "bar": "new value",
}
`;

exports[`updating test should match one snapshot 1`] = `
{
  "foo": "bar",
}
`;
